V3 3
FL /home/onegen/devel/vut/IVH/effects_pack.vhd 2023/03/09.17:42:58 P.20131013
PH work/effects_pack 1678380228 FL /home/onegen/devel/vut/IVH/effects_pack.vhd \
      PB ieee/std_logic_1164 1381692176 PB ieee/NUMERIC_STD 1381692181 \
      PB ieee/MATH_REAL 1381692182
PB work/effects_pack 1678380229 \
      FL /home/onegen/devel/vut/IVH/effects_pack.vhd PH work/effects_pack 1678380228
